// Jest Snapshot v1, https://goo.gl/fbAQLP

exports[`IntroducePage test IntroducePage Snapshot test IntroducePage Snapshot test 1`] = `
<View
  style={
    Array [
      Object {
        "alignItems": "center",
        "flex": 1,
      },
      Object {
        "backgroundColor": "#01A3AE",
        "height": 1334,
        "width": 750,
      },
    ]
  }
>
  <Text
    style={
      Array [
        Object {
          "color": "white",
          "textAlign": "center",
        },
        Object {
          "fontSize": 28,
          "textAlignVertical": "center",
        },
      ]
    }
  >
    Welcome
  </Text>
  <Image
    source={
      Object {
        "testUri": "../../../img/introduce_icon1.png",
      }
    }
    style={
      Object {
        "flex": 1,
      }
    }
  />
  <Text
    style={
      Array [
        Object {
          "color": "white",
          "textAlign": "center",
        },
        Object {
          "fontSize": 16,
          "textAlignVertical": "bottom",
        },
      ]
    }
  >
    Thank you for installing Paperboy.What makes Paperboy different form other news reader apps is its simplicity and elegant design.
  </Text>
  <View
    style={
      Object {
        "backgroundColor": "rgba(0, 0, 0, 0.1)",
        "height": 1,
        "marginBottom": 50,
        "marginTop": 20,
        "width": 750,
      }
    }
  />
</View>
`;

exports[`IntroducePage test IntroducePage shallow test IntroducePage shallow test 1`] = `undefined`;
