// Jest Snapshot v1, https://goo.gl/fbAQLP

exports[`index Snapshot test correctly 1`] = `
<View
  style={
    Object {
      "alignItems": "center",
      "flex": 1,
      "justifyContent": "center",
    }
  }
>
  <Image
    source={
      Object {
        "testUri": "../../../img/login_background.png",
      }
    }
    style={
      Array [
        Object {
          "bottom": 0,
          "left": 0,
          "position": "absolute",
          "right": 0,
          "top": 0,
        },
        Object {
          "height": undefined,
          "width": undefined,
        },
        undefined,
      ]
    }
    testID="loginroot"
  />
  <Image
    ource={
      Object {
        "testUri": "../../../img/login_icon.png",
      }
    }
    stestID="loginbutton"
  />
  <View
    accessible={true}
    isTVSelectable={true}
    onResponderGrant={[Function]}
    onResponderMove={[Function]}
    onResponderRelease={[Function]}
    onResponderTerminate={[Function]}
    onResponderTerminationRequest={[Function]}
    onStartShouldSetResponder={[Function]}
    style={
      Object {
        "alignItems": "center",
        "backgroundColor": "#01A3AE",
        "height": 50,
        "justifyContent": "center",
        "marginTop": 40,
        "opacity": 1,
        "width": 250,
      }
    }
    testID="loginbutton"
  >
    <Text
      style={
        Object {
          "color": "white",
        }
      }
      testID="logintext"
    >
      LOGIN TO FEEDLY
    </Text>
  </View>
  <View
    accessible={true}
    isTVSelectable={true}
    onResponderGrant={[Function]}
    onResponderMove={[Function]}
    onResponderRelease={[Function]}
    onResponderTerminate={[Function]}
    onResponderTerminationRequest={[Function]}
    onStartShouldSetResponder={[Function]}
    style={
      Object {
        "alignItems": "center",
        "backgroundColor": "#AAAAAA",
        "height": 50,
        "justifyContent": "center",
        "marginTop": 8,
        "opacity": 1,
        "width": 250,
      }
    }
    testID="trybutton"
  >
    <Text
      style={
        Object {
          "color": "white",
        }
      }
      testID="trytext"
    >
      TRY THINGS OUT
    </Text>
  </View>
</View>
`;
